Balaji Alex
David Andrew
Alex Ravi
David Scott
Alex Balaji
David Andrew
Alex Ravi
David Scott
Alex Balaji
David Andrew
Alex Ravi
David Scott
Alex Balaji
David Andrew
Alex Ravi
David Scott
Alex Balaji
David Andrew
Alex Ravi
David Scott
Alex Balaji
David Andrew
Alex Ravi
David Scott
Alex Balaji
David Andrew
