David Scott
Balaji Andrew
Scott Ravi
Balaji Alex
Scott David
Balaji Andrew
Scott Ravi
Balaji Alex
Scott David
Balaji Andrew
Scott Ravi
Balaji Alex
Scott David
Balaji Andrew
Scott Ravi
Balaji Alex
Scott David
Balaji Andrew
Scott Ravi
Balaji Alex
Scott David
Balaji Andrew
Scott Ravi
Balaji Alex
Scott David
